<project>
  <macrodef name="do-junit">
    <sequential>
      <fail message="do-javac-tests needs to be run first">
        <condition>
          <not><isreference refid="javac-tests-cp"/></not>
        </condition>
      </fail>

      <delete dir="build/junit"/>
      <mkdir dir="build/junit"/>
      <junit fork="yes">
        <sysproperty key="net.sourceforge.cobertura.datafile"
                     value="build/cobertura.ser"/>
        <sysproperty key="cobertura.active" value=""/>
        <classpath>
          <pathelement location="build/cobertura/classes"/>
          <path refid="javac-tests-cp"/>
          <path refid="cobertura.classpath"/>
        </classpath>
        
        <formatter type="xml" usefile="true" />
        <formatter type="brief" usefile="false"/>
        <batchtest fork="yes" todir="build/junit">
          <fileset dir="tests/src" includes="**/*Test.java"/>
        </batchtest>
      </junit>      
    </sequential>
  </macrodef>
</project>

